INSTRUMENTATION_STATUS: class=com.kumpas.kumpas_app.SessionDeletionTest
INSTRUMENTATION_STATUS: current=1
INSTRUMENTATION_STATUS: id=AndroidJUnitRunner
INSTRUMENTATION_STATUS: numtests=2
INSTRUMENTATION_STATUS: stream=
com.kumpas.kumpas_app.SessionDeletionTest:
INSTRUMENTATION_STATUS: test=clearsOnlyIsolatedStudyStoresAfterRealMigrationExportAndReopen
INSTRUMENTATION_STATUS_CODE: 1
INSTRUMENTATION_STATUS: class=com.kumpas.kumpas_app.SessionDeletionTest
INSTRUMENTATION_STATUS: current=1
INSTRUMENTATION_STATUS: id=AndroidJUnitRunner
INSTRUMENTATION_STATUS: numtests=2
INSTRUMENTATION_STATUS: stream=.
INSTRUMENTATION_STATUS: test=clearsOnlyIsolatedStudyStoresAfterRealMigrationExportAndReopen
INSTRUMENTATION_STATUS_CODE: 0
INSTRUMENTATION_STATUS: class=com.kumpas.kumpas_app.VisionAttemptContractTest
INSTRUMENTATION_STATUS: current=2
INSTRUMENTATION_STATUS: id=AndroidJUnitRunner
INSTRUMENTATION_STATUS: numtests=2
INSTRUMENTATION_STATUS: stream=
com.kumpas.kumpas_app.VisionAttemptContractTest:
INSTRUMENTATION_STATUS: test=noSignerCancellationAndInvalidTargetKeepAttemptIdentity
INSTRUMENTATION_STATUS_CODE: 1
INSTRUMENTATION_STATUS: class=com.kumpas.kumpas_app.VisionAttemptContractTest
INSTRUMENTATION_STATUS: current=2
INSTRUMENTATION_STATUS: id=AndroidJUnitRunner
INSTRUMENTATION_STATUS: numtests=2
INSTRUMENTATION_STATUS: stream=.
INSTRUMENTATION_STATUS: test=noSignerCancellationAndInvalidTargetKeepAttemptIdentity
INSTRUMENTATION_STATUS_CODE: 0
INSTRUMENTATION_RESULT: stream=

Time: 2.887

OK (2 tests)


INSTRUMENTATION_CODE: -1
